--- 
recorded_with: VCR 2.2.2
http_interactions: 
- request: 
    method: get
    uri: https://bigml.io/andromeda/source?api_key=<API_KEY>&username=<USERNAME>
    body: 
      string: ""
    headers: 
      connection: 
      - close
  response: 
    status: 
      code: 200
      message: OK
    headers: 
      connection: 
      - Close
      content-type: 
      - application/json; charset=utf-8
      server: 
      - nginx/1.0.12
      date: 
      - Wed, 27 Jun 2012 01:38:48 GMT
      content-length: 
      - "1280"
    body: 
      string: "{\"meta\": {\"limit\": 20, \"next\": null, \"offset\": 0, \"previous\": null, \"total_count\": 1}, \"objects\": [{\"category\": 0, \"code\": 200, \"content_type\": \"application/octet-stream\", \"created\": \"2012-06-27T01:41:01.327000\", \"credits\": 0.0, \"description\": \"\", \"fields\": {\"000000\": {\"column_number\": 0, \"name\": \"sepal length\", \"optype\": \"numeric\"}, \"000001\": {\"column_number\": 1, \"name\": \"sepal width\", \"optype\": \"numeric\"}, \"000002\": {\"column_number\": 2, \"name\": \"petal length\", \"optype\": \"numeric\"}, \"000003\": {\"column_number\": 3, \"name\": \"petal width\", \"optype\": \"numeric\"}, \"000004\": {\"column_number\": 4, \"name\": \"species\", \"optype\": \"categorical\"}}, \"file_name\": \"iris.csv\", \"md5\": \"d1175c032e1042bec7f974c91e4a65ae\", \"name\": \"iris.csv\", \"number_of_datasets\": 0, \"number_of_models\": 0, \"number_of_predictions\": 0, \"private\": true, \"resource\": \"source/4fea64ad15526875f9001b59\", \"size\": 4608, \"source_parser\": {\"header\": true, \"locale\": \"en_US\", \"missing_tokens\": [\"\", \"N/A\", \"n/a\", \"NULL\", \"null\", \"-\", \"#DIV/0\", \"#REF!\", \"#NAME?\", \"NIL\", \"nil\", \"NA\", \"na\", \"#VALUE!\", \"#NULL!\", \"NaN\", \"#N/A\", \"#NUM!\", \"?\"], \"quote\": \"\\\"\", \"separator\": \",\"}, \"status\": {\"code\": 5, \"elapsed\": 88, \"message\": \"The source has been created\"}, \"tags\": [], \"type\": 0, \"updated\": \"2012-06-27T01:40:20.432000\"}]}"
    http_version: "1.1"
  recorded_at: Wed, 27 Jun 2012 01:40:48 GMT
- request: 
    method: delete
    uri: https://bigml.io/andromeda/source/4fea64ad15526875f9001b59?api_key=<API_KEY>&username=<USERNAME>
    body: 
      string: ""
    headers: 
      connection: 
      - close
  response: 
    status: 
      code: 204
      message: NO CONTENT
    headers: 
      connection: 
      - Close
      content-type: 
      - text/html; charset=utf-8
      server: 
      - nginx/1.0.12
      date: 
      - Wed, 27 Jun 2012 01:36:19 GMT
      content-length: 
      - "0"
    body: 
      string: ""
    http_version: "1.1"
  recorded_at: Wed, 27 Jun 2012 01:40:50 GMT
- request: 
    method: get
    uri: https://bigml.io/andromeda/dataset?api_key=<API_KEY>&username=<USERNAME>
    body: 
      string: ""
    headers: 
      connection: 
      - close
  response: 
    status: 
      code: 200
      message: OK
    headers: 
      connection: 
      - Close
      content-type: 
      - application/json; charset=utf-8
      server: 
      - nginx/1.0.12
      date: 
      - Wed, 27 Jun 2012 01:38:51 GMT
      content-length: 
      - "101"
    body: 
      string: "{\"meta\": {\"limit\": 20, \"next\": null, \"offset\": 0, \"previous\": null, \"total_count\": 0}, \"objects\": []}"
    http_version: "1.1"
  recorded_at: Wed, 27 Jun 2012 01:40:51 GMT
- request: 
    method: get
    uri: https://bigml.io/andromeda/model?api_key=<API_KEY>&username=<USERNAME>
    body: 
      string: ""
    headers: 
      connection: 
      - close
  response: 
    status: 
      code: 200
      message: OK
    headers: 
      connection: 
      - Close
      content-type: 
      - application/json; charset=utf-8
      server: 
      - nginx/1.0.12
      date: 
      - Wed, 27 Jun 2012 01:36:21 GMT
      content-length: 
      - "843"
    body: 
      string: "{\"meta\": {\"limit\": 20, \"next\": null, \"offset\": 0, \"previous\": null, \"total_count\": 1}, \"objects\": [{\"category\": 0, \"code\": 200, \"columns\": 5, \"created\": \"2012-06-20T04:13:39.327000\", \"credits\": 0.03515625, \"dataset\": \"dataset/4fe14df11552687d4300014e\", \"dataset_status\": false, \"description\": \"\", \"holdout\": 0.0, \"input_fields\": [\"000000\", \"000001\", \"000002\", \"000003\"], \"locale\": \"en_US\", \"max_columns\": 5, \"max_rows\": 150, \"name\": \"iris' dataset model\", \"number_of_predictions\": 1, \"objective_fields\": [\"000004\"], \"private\": true, \"range\": [1, 150], \"resource\": \"model/4fe14df31552687d48000120\", \"rows\": 150, \"size\": 4608, \"source\": \"source/4fe14dd2035d074a1c000116\", \"source_status\": false, \"status\": {\"code\": 5, \"elapsed\": 146, \"message\": \"The model has been created\", \"progress\": 1}, \"tags\": [], \"updated\": \"2012-06-20T04:13:19.271000\"}]}"
    http_version: "1.1"
  recorded_at: Wed, 27 Jun 2012 01:40:52 GMT
- request: 
    method: delete
    uri: https://bigml.io/andromeda/model/4fe14df31552687d48000120?api_key=<API_KEY>&username=<USERNAME>
    body: 
      string: ""
    headers: 
      connection: 
      - close
  response: 
    status: 
      code: 204
      message: NO CONTENT
    headers: 
      connection: 
      - Close
      content-type: 
      - text/html; charset=utf-8
      server: 
      - nginx/1.0.12
      date: 
      - Wed, 27 Jun 2012 01:38:53 GMT
      content-length: 
      - "0"
    body: 
      string: ""
    http_version: "1.1"
  recorded_at: Wed, 27 Jun 2012 01:40:54 GMT
- request: 
    method: get
    uri: https://bigml.io/andromeda/model?api_key=<API_KEY>&username=<USERNAME>
    body: 
      string: ""
    headers: 
      connection: 
      - close
  response: 
    status: 
      code: 200
      message: OK
    headers: 
      connection: 
      - Close
      content-type: 
      - application/json; charset=utf-8
      server: 
      - nginx/1.0.12
      date: 
      - Wed, 27 Jun 2012 01:36:24 GMT
      content-length: 
      - "101"
    body: 
      string: "{\"meta\": {\"limit\": 20, \"next\": null, \"offset\": 0, \"previous\": null, \"total_count\": 0}, \"objects\": []}"
    http_version: "1.1"
  recorded_at: Wed, 27 Jun 2012 01:40:54 GMT
