---
http_interactions:
- request:
    method: get
    uri: https://bigml.io/andromeda/source?username=<USERNAME>&api_key=<API_KEY>
    body:
      encoding: US-ASCII
      string: ''
    headers:
      connection:
      - close
  response:
    status:
      code: 200
      message: OK
    headers:
      content-type:
      - application/json; charset=utf-8
      date:
      - Mon, 25 Jun 2012 15:38:18 GMT
      server:
      - nginx/1.0.12
      content-length:
      - '101'
      connection:
      - Close
    body:
      encoding: US-ASCII
      string: ! '{"meta": {"limit": 20, "next": null, "offset": 0, "previous": null,
        "total_count": 0}, "objects": []}'
    http_version: '1.1'
  recorded_at: Mon, 25 Jun 2012 15:42:37 GMT
- request:
    method: get
    uri: https://bigml.io/andromeda/dataset?username=<USERNAME>&api_key=<API_KEY>
    body:
      encoding: US-ASCII
      string: ''
    headers:
      connection:
      - close
  response:
    status:
      code: 200
      message: OK
    headers:
      content-type:
      - application/json; charset=utf-8
      date:
      - Mon, 25 Jun 2012 15:40:48 GMT
      server:
      - nginx/1.0.12
      content-length:
      - '101'
      connection:
      - Close
    body:
      encoding: US-ASCII
      string: ! '{"meta": {"limit": 20, "next": null, "offset": 0, "previous": null,
        "total_count": 0}, "objects": []}'
    http_version: '1.1'
  recorded_at: Mon, 25 Jun 2012 15:42:38 GMT
- request:
    method: get
    uri: https://bigml.io/andromeda/model?username=<USERNAME>&api_key=<API_KEY>
    body:
      encoding: US-ASCII
      string: ''
    headers:
      connection:
      - close
  response:
    status:
      code: 200
      message: OK
    headers:
      content-type:
      - application/json; charset=utf-8
      date:
      - Mon, 25 Jun 2012 15:38:20 GMT
      server:
      - nginx/1.0.12
      content-length:
      - '101'
      connection:
      - Close
    body:
      encoding: US-ASCII
      string: ! '{"meta": {"limit": 20, "next": null, "offset": 0, "previous": null,
        "total_count": 0}, "objects": []}'
    http_version: '1.1'
  recorded_at: Mon, 25 Jun 2012 15:42:39 GMT
- request:
    method: get
    uri: https://bigml.io/andromeda/prediction?username=<USERNAME>&api_key=<API_KEY>
    body:
      encoding: US-ASCII
      string: ''
    headers:
      connection:
      - close
  response:
    status:
      code: 200
      message: OK
    headers:
      content-type:
      - application/json; charset=utf-8
      date:
      - Mon, 25 Jun 2012 15:40:51 GMT
      server:
      - nginx/1.0.12
      content-length:
      - '101'
      connection:
      - Close
    body:
      encoding: US-ASCII
      string: ! '{"meta": {"limit": 20, "next": null, "offset": 0, "previous": null,
        "total_count": 0}, "objects": []}'
    http_version: '1.1'
  recorded_at: Mon, 25 Jun 2012 15:42:41 GMT
- request:
    method: post
    uri: https://bigml.io/andromeda/source
    body:
      encoding: US-ASCII
      string: ''
    headers:
      content-type:
      - multipart/form-data; boundary=-----------RubyMultipartPost
      content-length:
      - '5149'
      connection:
      - close
  response:
    status:
      code: 201
      message: CREATED
    headers:
      content-type:
      - application/json; charset=utf-8
      date:
      - Mon, 25 Jun 2012 15:38:24 GMT
      location:
      - http://bigml.io/andromeda/source/4fe886e1035d07682e00297e
      server:
      - nginx/1.0.12
      content-length:
      - '567'
      connection:
      - Close
    body:
      encoding: US-ASCII
      string: ! '{"category": 0, "code": 201, "content_type": "application/octet-stream",
        "created": "2012-06-25T15:42:25.053968", "credits": 0.0, "description": "",
        "file_name": "iris.csv", "md5": "d1175c032e1042bec7f974c91e4a65ae", "name":
        "iris.csv", "number_of_datasets": 0, "number_of_models": 0, "number_of_predictions":
        0, "private": true, "resource": "source/4fe886e1035d07682e00297e", "size":
        4608, "source_parser": {}, "status": {"code": 1, "message": "The request has
        been queued and will be processed soon"}, "tags": [], "type": 0, "updated":
        "2012-06-25T15:42:25.053990"}'
    http_version: '1.1'
  recorded_at: Mon, 25 Jun 2012 15:42:42 GMT
- request:
    method: post
    uri: https://bigml.io/andromeda/dataset?username=<USERNAME>&api_key=<API_KEY>
    body:
      encoding: UTF-8
      string: ! '{"source":"source/4fe886e1035d07682e00297e"}'
    headers:
      content-type:
      - application/json
      connection:
      - close
  response:
    status:
      code: 201
      message: CREATED
    headers:
      content-type:
      - application/json; charset=utf-8
      date:
      - Mon, 25 Jun 2012 15:40:53 GMT
      location:
      - http://bigml.io/andromeda/dataset/4fe886e2035d07682f00289c
      server:
      - nginx/1.0.12
      content-length:
      - '921'
      connection:
      - Close
    body:
      encoding: US-ASCII
      string: ! '{"category": 0, "code": 201, "columns": 5, "created": "2012-06-25T15:42:26.501932",
        "credits": 0.00439453125, "description": "", "fields": {"000000": {"column_number":
        0, "name": "sepal length", "optype": "numeric"}, "000001": {"column_number":
        1, "name": "sepal width", "optype": "numeric"}, "000002": {"column_number":
        2, "name": "petal length", "optype": "numeric"}, "000003": {"column_number":
        3, "name": "petal width", "optype": "numeric"}, "000004": {"column_number":
        4, "name": "species", "optype": "categorical"}}, "locale": "en_US", "name":
        "iris'' dataset", "number_of_models": 0, "number_of_predictions": 0, "private":
        true, "resource": "dataset/4fe886e2035d07682f00289c", "rows": 0, "size": 4608,
        "source": "source/4fe886e1035d07682e00297e", "source_status": true, "status":
        {"code": 1, "message": "The dataset is being processed and will be created
        soon"}, "tags": [], "updated": "2012-06-25T15:42:26.501951"}'
    http_version: '1.1'
  recorded_at: Mon, 25 Jun 2012 15:42:44 GMT
- request:
    method: post
    uri: https://bigml.io/andromeda/model?username=<USERNAME>&api_key=<API_KEY>
    body:
      encoding: UTF-8
      string: ! '{"dataset":"dataset/4fe886e2035d07682f00289c"}'
    headers:
      content-type:
      - application/json
      connection:
      - close
  response:
    status:
      code: 201
      message: CREATED
    headers:
      content-type:
      - application/json; charset=utf-8
      date:
      - Mon, 25 Jun 2012 15:38:27 GMT
      location:
      - http://bigml.io/andromeda/model/4fe8870d1552681eb20028fc
      server:
      - nginx/1.0.12
      content-length:
      - '691'
      connection:
      - Close
    body:
      encoding: US-ASCII
      string: ! '{"category": 0, "code": 201, "columns": 5, "created": "2012-06-25T15:43:09.040498",
        "credits": 0.017578125, "dataset": "dataset/4fe886e2035d07682f00289c", "dataset_status":
        true, "description": "", "holdout": 0.0, "input_fields": [], "locale": "en_US",
        "max_columns": 5, "max_rows": 150, "name": "iris'' dataset model", "number_of_predictions":
        0, "objective_fields": [], "private": true, "range": [1, 150], "resource":
        "model/4fe8870d1552681eb20028fc", "rows": 150, "size": 4608, "source": "source/4fe886e1035d07682e00297e",
        "source_status": true, "status": {"code": 1, "message": "The model is being
        processed and will be created soon"}, "tags": [], "updated": "2012-06-25T15:43:09.040517"}'
    http_version: '1.1'
  recorded_at: Mon, 25 Jun 2012 15:42:45 GMT
- request:
    method: post
    uri: https://bigml.io/andromeda/prediction?username=<USERNAME>&api_key=<API_KEY>
    body:
      encoding: UTF-8
      string: ! '{"model":"model/4fe8870d1552681eb20028fc","input_data":{"000001":3}}'
    headers:
      content-type:
      - application/json
      connection:
      - close
  response:
    status:
      code: 201
      message: CREATED
    headers:
      content-type:
      - application/json; charset=utf-8
      date:
      - Mon, 25 Jun 2012 15:40:56 GMT
      location:
      - http://bigml.io/andromeda/prediction/4fe8870e1552681eaf0028b7
      server:
      - nginx/1.0.12
      content-length:
      - '1222'
      connection:
      - Close
    body:
      encoding: US-ASCII
      string: ! '{"category": 0, "code": 201, "created": "2012-06-25T15:43:10.465115",
        "credits": 0.01, "dataset": "dataset/4fe886e2035d07682f00289c", "dataset_status":
        true, "description": "", "fields": {"000001": {"column_number": 1, "datatype":
        "double", "name": "sepal width", "optype": "numeric", "preferred": true},
        "000002": {"column_number": 2, "datatype": "double", "name": "petal length",
        "optype": "numeric", "preferred": true}, "000004": {"column_number": 4, "datatype":
        "string", "name": "species", "optype": "categorical", "preferred": true}},
        "input_data": {"000001": 3}, "locale": "en_US", "model": "model/4fe8870d1552681eb20028fc",
        "model_status": true, "name": "Prediction for species", "objective_fields":
        ["000004"], "prediction": {"000004": "Iris-virginica"}, "prediction_path":
        {"bad_fields": [], "next_predicates": [{"field": "000002", "operator": ">",
        "value": 2.45}, {"field": "000002", "operator": "<=", "value": 2.45}], "path":
        [], "unknown_fields": []}, "private": true, "resource": "prediction/4fe8870e1552681eaf0028b7",
        "source": "source/4fe886e1035d07682e00297e", "source_status": true, "status":
        {"code": 5, "message": "The prediction has been created"}, "tags": [], "updated":
        "2012-06-25T15:43:10.465136"}'
    http_version: '1.1'
  recorded_at: Mon, 25 Jun 2012 15:42:46 GMT
recorded_with: VCR 2.2.2
