--- 
recorded_with: VCR 2.2.2
http_interactions: 
- request: 
    method: get
    uri: https://bigml.io/andromeda/source?api_key=<API_KEY>&username=<USERNAME>
    body: 
      string: ""
    headers: 
      connection: 
      - close
  response: 
    status: 
      code: 200
      message: OK
    headers: 
      connection: 
      - Close
      content-type: 
      - application/json; charset=utf-8
      server: 
      - nginx/1.0.12
      date: 
      - Wed, 27 Jun 2012 01:37:44 GMT
      content-length: 
      - "1280"
    body: 
      string: "{\"meta\": {\"limit\": 20, \"next\": null, \"offset\": 0, \"previous\": null, \"total_count\": 1}, \"objects\": [{\"category\": 0, \"code\": 200, \"content_type\": \"application/octet-stream\", \"created\": \"2012-06-27T01:39:17.589000\", \"credits\": 0.0, \"description\": \"\", \"fields\": {\"000000\": {\"column_number\": 0, \"name\": \"sepal length\", \"optype\": \"numeric\"}, \"000001\": {\"column_number\": 1, \"name\": \"sepal width\", \"optype\": \"numeric\"}, \"000002\": {\"column_number\": 2, \"name\": \"petal length\", \"optype\": \"numeric\"}, \"000003\": {\"column_number\": 3, \"name\": \"petal width\", \"optype\": \"numeric\"}, \"000004\": {\"column_number\": 4, \"name\": \"species\", \"optype\": \"categorical\"}}, \"file_name\": \"iris.csv\", \"md5\": \"d1175c032e1042bec7f974c91e4a65ae\", \"name\": \"iris.csv\", \"number_of_datasets\": 1, \"number_of_models\": 0, \"number_of_predictions\": 0, \"private\": true, \"resource\": \"source/4fea6445035d0741f4001b74\", \"size\": 4608, \"source_parser\": {\"header\": true, \"locale\": \"en_US\", \"missing_tokens\": [\"\", \"N/A\", \"n/a\", \"NULL\", \"null\", \"-\", \"#DIV/0\", \"#REF!\", \"#NAME?\", \"NIL\", \"nil\", \"NA\", \"na\", \"#VALUE!\", \"#NULL!\", \"NaN\", \"#N/A\", \"#NUM!\", \"?\"], \"quote\": \"\\\"\", \"separator\": \",\"}, \"status\": {\"code\": 5, \"elapsed\": 68, \"message\": \"The source has been created\"}, \"tags\": [], \"type\": 0, \"updated\": \"2012-06-27T01:39:19.836000\"}]}"
    http_version: "1.1"
  recorded_at: Wed, 27 Jun 2012 01:39:45 GMT
- request: 
    method: delete
    uri: https://bigml.io/andromeda/source/4fea6445035d0741f4001b74?api_key=<API_KEY>&username=<USERNAME>
    body: 
      string: ""
    headers: 
      connection: 
      - close
  response: 
    status: 
      code: 204
      message: NO CONTENT
    headers: 
      connection: 
      - Close
      content-type: 
      - text/html; charset=utf-8
      server: 
      - nginx/1.0.12
      date: 
      - Wed, 27 Jun 2012 01:35:26 GMT
      content-length: 
      - "0"
    body: 
      string: ""
    http_version: "1.1"
  recorded_at: Wed, 27 Jun 2012 01:39:57 GMT
- request: 
    method: get
    uri: https://bigml.io/andromeda/dataset?api_key=<API_KEY>&username=<USERNAME>
    body: 
      string: ""
    headers: 
      connection: 
      - close
  response: 
    status: 
      code: 200
      message: OK
    headers: 
      connection: 
      - Close
      content-type: 
      - application/json; charset=utf-8
      server: 
      - nginx/1.0.12
      date: 
      - Wed, 27 Jun 2012 01:37:58 GMT
      content-length: 
      - "704"
    body: 
      string: "{\"meta\": {\"limit\": 20, \"next\": null, \"offset\": 0, \"previous\": null, \"total_count\": 1}, \"objects\": [{\"category\": 0, \"code\": 200, \"columns\": 5, \"created\": \"2012-06-27T01:39:19.830000\", \"credits\": 0.00439453125, \"description\": \"\", \"locale\": \"en_US\", \"name\": \"iris' dataset\", \"number_of_models\": 0, \"number_of_predictions\": 0, \"private\": true, \"resource\": \"dataset/4fea6447035d0741ed001b1f\", \"rows\": 150, \"size\": 4608, \"source\": \"source/4fea6445035d0741f4001b74\", \"source_status\": false, \"status\": {\"bytes\": 4608, \"code\": 5, \"elapsed\": 162, \"field_errors\": [], \"message\": \"The dataset has been created\", \"row_format_errors\": [], \"serialized_rows\": 150}, \"tags\": [], \"updated\": \"2012-06-27T01:40:06.675000\"}]}"
    http_version: "1.1"
  recorded_at: Wed, 27 Jun 2012 01:39:58 GMT
- request: 
    method: delete
    uri: https://bigml.io/andromeda/dataset/4fea6447035d0741ed001b1f?api_key=<API_KEY>&username=<USERNAME>
    body: 
      string: ""
    headers: 
      connection: 
      - close
  response: 
    status: 
      code: 204
      message: NO CONTENT
    headers: 
      connection: 
      - Close
      content-type: 
      - text/html; charset=utf-8
      server: 
      - nginx/1.0.12
      date: 
      - Wed, 27 Jun 2012 01:35:29 GMT
      content-length: 
      - "0"
    body: 
      string: ""
    http_version: "1.1"
  recorded_at: Wed, 27 Jun 2012 01:40:00 GMT
- request: 
    method: post
    uri: https://bigml.io/andromeda/source
    body: 
      string: ""
    headers: 
      connection: 
      - close
      content-type: 
      - multipart/form-data; boundary=-----------RubyMultipartPost
      content-length: 
      - "5147"
  response: 
    status: 
      code: 201
      message: CREATED
    headers: 
      location: 
      - http://bigml.io/andromeda/source/4fea648615526875f7001bc5
      connection: 
      - Close
      content-type: 
      - application/json; charset=utf-8
      server: 
      - nginx/1.0.12
      date: 
      - Wed, 27 Jun 2012 01:38:01 GMT
      content-length: 
      - "567"
    body: 
      string: "{\"category\": 0, \"code\": 201, \"content_type\": \"application/octet-stream\", \"created\": \"2012-06-27T01:40:22.246324\", \"credits\": 0.0, \"description\": \"\", \"file_name\": \"iris.csv\", \"md5\": \"d1175c032e1042bec7f974c91e4a65ae\", \"name\": \"iris.csv\", \"number_of_datasets\": 0, \"number_of_models\": 0, \"number_of_predictions\": 0, \"private\": true, \"resource\": \"source/4fea648615526875f7001bc5\", \"size\": 4608, \"source_parser\": {}, \"status\": {\"code\": 1, \"message\": \"The request has been queued and will be processed soon\"}, \"tags\": [], \"type\": 0, \"updated\": \"2012-06-27T01:40:22.246344\"}"
    http_version: "1.1"
  recorded_at: Wed, 27 Jun 2012 01:40:02 GMT
- request: 
    method: post
    uri: https://bigml.io/andromeda/dataset?api_key=<API_KEY>&username=<USERNAME>
    body: 
      string: "{\"source\":\"source/4fea648615526875f7001bc5\"}"
    headers: 
      connection: 
      - close
      content-type: 
      - application/json
  response: 
    status: 
      code: 201
      message: CREATED
    headers: 
      location: 
      - http://bigml.io/andromeda/dataset/4fea648715526875f5001b79
      connection: 
      - Close
      content-type: 
      - application/json; charset=utf-8
      server: 
      - nginx/1.0.12
      date: 
      - Wed, 27 Jun 2012 01:35:33 GMT
      content-length: 
      - "921"
    body: 
      string: "{\"category\": 0, \"code\": 201, \"columns\": 5, \"created\": \"2012-06-27T01:40:23.690574\", \"credits\": 0.00439453125, \"description\": \"\", \"fields\": {\"000000\": {\"column_number\": 0, \"name\": \"sepal length\", \"optype\": \"numeric\"}, \"000001\": {\"column_number\": 1, \"name\": \"sepal width\", \"optype\": \"numeric\"}, \"000002\": {\"column_number\": 2, \"name\": \"petal length\", \"optype\": \"numeric\"}, \"000003\": {\"column_number\": 3, \"name\": \"petal width\", \"optype\": \"numeric\"}, \"000004\": {\"column_number\": 4, \"name\": \"species\", \"optype\": \"categorical\"}}, \"locale\": \"en_US\", \"name\": \"iris' dataset\", \"number_of_models\": 0, \"number_of_predictions\": 0, \"private\": true, \"resource\": \"dataset/4fea648715526875f5001b79\", \"rows\": 0, \"size\": 4608, \"source\": \"source/4fea648615526875f7001bc5\", \"source_status\": true, \"status\": {\"code\": 1, \"message\": \"The dataset is being processed and will be created soon\"}, \"tags\": [], \"updated\": \"2012-06-27T01:40:23.690605\"}"
    http_version: "1.1"
  recorded_at: Wed, 27 Jun 2012 01:40:03 GMT
- request: 
    method: get
    uri: https://bigml.io/andromeda/dataset?api_key=<API_KEY>&username=<USERNAME>
    body: 
      string: ""
    headers: 
      connection: 
      - close
  response: 
    status: 
      code: 200
      message: OK
    headers: 
      connection: 
      - Close
      content-type: 
      - application/json; charset=utf-8
      server: 
      - nginx/1.0.12
      date: 
      - Wed, 27 Jun 2012 01:38:04 GMT
      content-length: 
      - "703"
    body: 
      string: "{\"meta\": {\"limit\": 20, \"next\": null, \"offset\": 0, \"previous\": null, \"total_count\": 1}, \"objects\": [{\"category\": 0, \"code\": 200, \"columns\": 5, \"created\": \"2012-06-27T01:40:23.690000\", \"credits\": 0.00439453125, \"description\": \"\", \"locale\": \"en_US\", \"name\": \"iris' dataset\", \"number_of_models\": 0, \"number_of_predictions\": 0, \"private\": true, \"resource\": \"dataset/4fea648715526875f5001b79\", \"rows\": 150, \"size\": 4608, \"source\": \"source/4fea648615526875f7001bc5\", \"source_status\": true, \"status\": {\"bytes\": 4608, \"code\": 5, \"elapsed\": 102, \"field_errors\": [], \"message\": \"The dataset has been created\", \"row_format_errors\": [], \"serialized_rows\": 150}, \"tags\": [], \"updated\": \"2012-06-27T01:40:23.989000\"}]}"
    http_version: "1.1"
  recorded_at: Wed, 27 Jun 2012 01:40:04 GMT
