---
http_interactions:
- request:
    method: get
    uri: https://bigml.io/andromeda/source?username=<USERNAME>&api_key=<API_KEY>
    body:
      encoding: US-ASCII
      string: ''
    headers:
      connection:
      - close
  response:
    status:
      code: 200
      message: OK
    headers:
      content-type:
      - application/json; charset=utf-8
      date:
      - Mon, 25 Jun 2012 15:40:05 GMT
      server:
      - nginx/1.0.12
      content-length:
      - '1280'
      connection:
      - Close
    body:
      encoding: US-ASCII
      string: ! '{"meta": {"limit": 20, "next": null, "offset": 0, "previous": null,
        "total_count": 1}, "objects": [{"category": 0, "code": 200, "content_type":
        "application/octet-stream", "created": "2012-06-25T15:43:56.558000", "credits":
        0.0, "description": "", "fields": {"000000": {"column_number": 0, "name":
        "sepal length", "optype": "numeric"}, "000001": {"column_number": 1, "name":
        "sepal width", "optype": "numeric"}, "000002": {"column_number": 2, "name":
        "petal length", "optype": "numeric"}, "000003": {"column_number": 3, "name":
        "petal width", "optype": "numeric"}, "000004": {"column_number": 4, "name":
        "species", "optype": "categorical"}}, "file_name": "iris.csv", "md5": "d1175c032e1042bec7f974c91e4a65ae",
        "name": "iris.csv", "number_of_datasets": 1, "number_of_models": 1, "number_of_predictions":
        0, "private": true, "resource": "source/4fe8873c035d076831002887", "size":
        4608, "source_parser": {"header": true, "locale": "en_US", "missing_tokens":
        ["", "N/A", "n/a", "NULL", "null", "-", "#DIV/0", "#REF!", "#NAME?", "NIL",
        "nil", "NA", "na", "#VALUE!", "#NULL!", "NaN", "#N/A", "#NUM!", "?"], "quote":
        "\"", "separator": ","}, "status": {"code": 5, "elapsed": 67, "message": "The
        source has been created"}, "tags": [], "type": 0, "updated": "2012-06-25T15:44:02.434000"}]}'
    http_version: '1.1'
  recorded_at: Mon, 25 Jun 2012 15:44:23 GMT
- request:
    method: delete
    uri: https://bigml.io/andromeda/source/4fe8873c035d076831002887?username=<USERNAME>&api_key=<API_KEY>
    body:
      encoding: US-ASCII
      string: ''
    headers:
      connection:
      - close
  response:
    status:
      code: 204
      message: NO CONTENT
    headers:
      content-length:
      - '0'
      content-type:
      - text/html; charset=utf-8
      date:
      - Mon, 25 Jun 2012 15:42:35 GMT
      server:
      - nginx/1.0.12
      connection:
      - Close
    body:
      encoding: US-ASCII
      string: ''
    http_version: '1.1'
  recorded_at: Mon, 25 Jun 2012 15:44:25 GMT
- request:
    method: get
    uri: https://bigml.io/andromeda/source?username=<USERNAME>&api_key=<API_KEY>
    body:
      encoding: US-ASCII
      string: ''
    headers:
      connection:
      - close
  response:
    status:
      code: 200
      message: OK
    headers:
      content-type:
      - application/json; charset=utf-8
      date:
      - Mon, 25 Jun 2012 15:40:07 GMT
      server:
      - nginx/1.0.12
      content-length:
      - '101'
      connection:
      - Close
    body:
      encoding: US-ASCII
      string: ! '{"meta": {"limit": 20, "next": null, "offset": 0, "previous": null,
        "total_count": 0}, "objects": []}'
    http_version: '1.1'
  recorded_at: Mon, 25 Jun 2012 15:44:26 GMT
recorded_with: VCR 2.2.2
